gcc -g p4original.c
 ./a.out
enter three numbers
34
enter three numbers
12
enter three numbers
2
A is large
 gdb a.out
GNU gdb (Ubuntu 8.1.1-0ubuntu1) 8.1.1
Copyright (C) 2018 Free Software Foundation, Inc.
License GPLv3+: GNU GPL version 3 or later <http://gnu.org/licenses/gpl.html>
This is free software: you are free to change and redistribute it.
There is NO WARRANTY, to the extent permitted by law.  Type "show copying"
and "show warranty" for details.
This GDB was configured as "x86_64-linux-gnu".
Type "show configuration" for configuration details.
For bug reporting instructions, please see:
<http://www.gnu.org/software/gdb/bugs/>.
Find the GDB manual and other documentation resources online at:
<http://www.gnu.org/software/gdb/documentation/>.
For help, type "help".
Type "apropos word" to search for commands related to "word"...
Reading symbols from a.out...done.
(gdb) b main
Breakpoint 1 at 0x7fc: file p4original.c, line 25.
(gdb) r
Starting program: /home/runner/pps-test1-Akshaya192-1/a.out 
warning: Error disabling address space randomization: Operation not permitted

Breakpoint 1, main () at p4original.c:25
25    a=input();
(gdb) s
input () at p4original.c:12
12  {
(gdb) n
14    printf("enter three numbers\n");
(gdb) n
enter three numbers
15    scanf("%d",&a);
(gdb) n
23
16    return a;
(gdb) n
17  }
(gdb) n
main () at p4original.c:26
26    b=input();
(gdb) s
input () at p4original.c:12
12  {
(gdb) n
14    printf("enter three numbers\n");
(gdb) n
enter three numbers
15    scanf("%d",&a);
(gdb) n
45
16    return a;
(gdb) n
17  }
(gdb) n
main () at p4original.c:27
27    c=input();
(gdb) s
input () at p4original.c:12
12  {
(gdb) n
14    printf("enter three numbers\n");
(gdb) n
enter three numbers
15    scanf("%d",&a);
(gdb) n
6
16    return a;
(gdb) n
17  }
(gdb) n
main () at p4original.c:28
28    large=cmp(a,b,c);
(gdb) s
cmp (a=23, b=45, c=6) at p4original.c:4
4     if((a>b)&&(a>c))
(gdb) n
6     else if((b>c)&&(b>a))
(gdb) n
7     printf("B is large\n");
(gdb) n
B is large
10  }
(gdb) n
main () at p4original.c:29
29    return 0;
(gdb) n
30  }(gdb) c
Continuing.
[Inferior 1 (process 168) exited normally]
(gdb) 